// Jest Snapshot v1, https://goo.gl/fbAQLP

exports[`TESTING APP renders learn react link 1 1`] = `
<input
  placeholder="input value....."
  type="text"
/>
`;

exports[`renders learn react link 1`] = `
<input
  placeholder="input value....."
  type="text"
/>
`;
